can not write to <tmpdir_from_fixture>/not_writable_folder/abc.txt. please check if folder <tmpdir_from_fixture>/not_writable_folder is writable
