min: 0.0010284751701794548
max: 2.9898653422995918
'cov' must be a square matrix of size 1 but has shape 2 x 2
[0.91639863 0.89306017 1.00150269 0.95981887 0.97918424]
[-0.03987279 -0.07750391 -0.02834328 -0.0427807  -0.05115315]
