ignore given start_value, did not work with emcee
