lnprob computed positive value 1 for parameters Parameters(a=3.745401e-01)
