mpi4py is installed, but I can not import it: import fails on purpose..
