[[-0.81525358]
 [ 3.75927882]
 [ 0.10849767]
 [-2.8706548 ]
 [-1.11208457]
 [-0.70019593]
 [ 0.40205767]
 [ 0.0636508 ]
 [ 0.21334861]
 [-0.50187898]]
[[-1.87640302]
 [ 2.79203936]
 [ 1.85595153]
 [ 0.78926787]
 [-1.39925172]
 [-2.75204384]
 [-3.39234478]
 [ 3.46890971]
 [ 1.26537988]
 [ 1.66458062]]
