min: 4.1323851662777855e-05
max: 2.9971186011654085
'cov' must be a square matrix of size 1 but has shape 2 x 2
[0.88134541 0.95426214 1.00994446 1.09348195 0.89270458]
[-0.10917906 -0.05564873  0.01208783  0.04880388 -0.10787886]
