on euler best use -n 24 or -n 36 for scalability. larger numbers don't increase performance.
