range_ must be a tuple of 2 float values, got ('a', 1)
