time passed: <h:m:s.ms>  estimated time left: <h:m:s.ms>  computed 1 / 10 samples
time passed: <h:m:s.ms>  estimated time left: <h:m:s.ms>  computed 2 / 10 samples
time passed: <h:m:s.ms>  estimated time left: <h:m:s.ms>  computed 3 / 10 samples
time passed: <h:m:s.ms>  estimated time left: <h:m:s.ms>  computed 4 / 10 samples
time passed: <h:m:s.ms>  estimated time left: <h:m:s.ms>  computed 5 / 10 samples
time passed: <h:m:s.ms>  estimated time left: <h:m:s.ms>  computed 6 / 10 samples
time passed: <h:m:s.ms>  estimated time left: <h:m:s.ms>  computed 7 / 10 samples
time passed: <h:m:s.ms>  estimated time left: <h:m:s.ms>  computed 8 / 10 samples
time passed: <h:m:s.ms>  estimated time left: <h:m:s.ms>  computed 9 / 10 samples
time passed: <h:m:s.ms>  estimated time left: <h:m:s.ms>  computed 10 / 10 samples
