on euler best use -n 24 or -n 36 for scalability. larger numbers don't increase performance.
better run the job with '-R fullnode' to benefit from multicore parallelisation.
