only one worker available. switch to serial mode.
EXPECT WARNING ABOUT LESS WALKERS THAN CORES:
the number of walkers 10 is less than the number of workers 20.

EXPECTWARNING ABOUT WALKERS BEIG MULTIPLES OF NUM WORKERS:
uhammer runs with 20 workers for 81 walkers. resource usage is best if the number walkers is a multiple of number of workers.

