['original path already existed, write to <tmpdir_from_fixture>/abc.txt.000 instead']
['original path already existed, write to <tmpdir_from_fixture>/abc.txt.000 instead', 'original path already existed, write to <tmpdir_from_fixture>/abc.txt.001 instead']
