EXPECT WARNING ABOUT OVERSUBSCRIPTION:
you set OMP_NUM_THREADS to 124. this could cause very slow execution due to oversubscription. to fix this set OMP_NUM_THREADS to 1
