[[-3.6622606 ]
 [ 2.62324844]
 [ 2.23208322]
 [-0.38382703]
 [-0.99624449]
 [-1.4191987 ]
 [-2.13522081]
 [-0.33752703]
 [-0.2105144 ]
 [ 0.15416553]]
[[-1.08826761]
 [ 3.60571445]
 [ 0.90447536]
 [ 0.95354   ]
 [-2.67915553]
 [-0.59133737]
 [-3.09953431]
 [ 2.92940917]
 [ 0.80892009]
 [ 1.66458062]]
