range_ must be list or tuple of length 2, got (1, 2, 3)
